{
    "deseq2 [html]": {
        "content": [
            {
                "0": [
                    "test.html:md5,d41d8cd98f00b204e9800998ecf8427e"
                ],
                "1": [
                    "test.deg:md5,d41d8cd98f00b204e9800998ecf8427e"
                ]
            }
        ],
        "meta": {
            "nf-test": "0.9.0",
            "nextflow": "24.04.1"
        },
        "timestamp": "2024-10-15T21:44:19.190630072"
    }
}